ok: fx_01_original_source_correction d6c62e3365cc27225ad3c49744a4bc43f2db9f1d9ae1aa3eb6e34c580679b93a
ok: fx_02_independent_source_conflict 15137542fd256be457ff48dfafa29a4b34ed443caf2157e328ab47427dae45bd
ok: fx_03_repeated_upstream_report def0876be51751816d7aa3fd48b39d13027e4c4edd8b7e3edec4b58ee0257f24
ok: fx_04_paper_retraction 7d5caf1403467972fdfd3b17d6edae63b9590a5ed1d18a7dfac3d8e21459e868
ok: fx_05_validity_interval d56f9eb53d3dbd9734fc7f83e0aa98c38ef007e675efc2b0bd4ef378ace34656
ok: fx_06_project_and_global_scope 4e497c03b62e73509d11e7ddb1b27714f7bbc06f17948f6fc0dcb478f2940613
ok: fx_07_nary_experiment 98afeded13e49894a12cc8968e399485746f2cba4aa36d630ac0d8e6d35ab052
ok: fx_08_same_url_changed_content 4df2b4c940327c67085ce0bd8db224f7035313120808c464da4d18bcf3900935
ok: fx_09_decision_dependency_change 1753c3948070ae7835ac779ce40af69fe11045e34bad07aad2f192539b0ac67f
ok: fx_10_stale_worker_update 91eef154723805611fce3f1be62bc4e0289d6c0bc99ba3f57ba16eb6367bae40
ok: fx_11_embedded_malicious_instruction 7e8b3c8bbdc4aa6c63be06328235089dd3334164291fe8619eda8e25c205e424
ok: fx_12_deleted_or_unreachable_source 597d22b01980486321164818fe9f6963f5c28cd69d5424f6d1a67ed5cf2f2488
ok: held-out and checkpoint tamper boundaries
scenario adapter equivalence passed: 12 fixtures
ok: recorded M0 baseline matches deterministic metrics and hashes
ok: validate_docs
ok: validate_schemas
ok: validate_fixtures
ok: validate_scenario_adapter
ok: validate_evaluation
M0 draft validation passed
