test_all_installed_managed_files_have_source_hash_parity (test_skill.InstallerTests.test_all_installed_managed_files_have_source_hash_parity) ... ok
test_check_detects_hash_mismatch (test_skill.InstallerTests.test_check_detects_hash_mismatch) ... ok
test_installs_to_temporary_home_and_preserves_unrelated_files (test_skill.InstallerTests.test_installs_to_temporary_home_and_preserves_unrelated_files) ... ok
test_no_current_doc_recommends_adapter_commands (test_skill.PublicDocsMcpOnlyTests.test_no_current_doc_recommends_adapter_commands) ... ok
test_reference_lab_syntax_uses_mcp_tool_ids (test_skill.PublicDocsMcpOnlyTests.test_reference_lab_syntax_uses_mcp_tool_ids) ... ok
test_tool_stack_guide_documents_mcp_workflows_and_lab (test_skill.PublicDocsMcpOnlyTests.test_tool_stack_guide_documents_mcp_workflows_and_lab) ... ok
test_explicit_kb_registry_never_infers_parity_or_discovers_roots (test_skill.SkillContractTests.test_explicit_kb_registry_never_infers_parity_or_discovers_roots) ... ok
test_fresh_agents_use_configured_meta_kb_without_path_search (test_skill.SkillContractTests.test_fresh_agents_use_configured_meta_kb_without_path_search) ... ok
test_fresh_agents_use_context_first_and_registration_is_owner_gated (test_skill.SkillContractTests.test_fresh_agents_use_context_first_and_registration_is_owner_gated) ... ok
test_fresh_machine_registration_requires_exact_review_and_approval (test_skill.SkillContractTests.test_fresh_machine_registration_requires_exact_review_and_approval) ... ok
test_lifecycle_routes_reject_project_shorthand (test_skill.SkillContractTests.test_lifecycle_routes_reject_project_shorthand) ... ok
test_lifecycle_routes_use_exact_implemented_signatures (test_skill.SkillContractTests.test_lifecycle_routes_use_exact_implemented_signatures) ... ok
test_lifecycle_routing_inspects_overview_and_observation_boundary_first (test_skill.SkillContractTests.test_lifecycle_routing_inspects_overview_and_observation_boundary_first) ... ok
test_local_meta_kb_is_read_only_and_does_not_transfer_truth (test_skill.SkillContractTests.test_local_meta_kb_is_read_only_and_does_not_transfer_truth) ... ok
test_meta_kb_transfer_is_inventory_then_target_owned_translation (test_skill.SkillContractTests.test_meta_kb_transfer_is_inventory_then_target_owned_translation) ... ok
test_mutation_gates_and_safety (test_skill.SkillContractTests.test_mutation_gates_and_safety) ... ok
test_package_routing_is_read_only_and_rejects_unsupported_authority (test_skill.SkillContractTests.test_package_routing_is_read_only_and_rejects_unsupported_authority) ... ok
test_portable_frontmatter (test_skill.SkillContractTests.test_portable_frontmatter) ... ok
test_production_setup_is_bounded_and_honest (test_skill.SkillContractTests.test_production_setup_is_bounded_and_honest) ... ok
test_registry_refresh_is_explicit_and_fail_closed (test_skill.SkillContractTests.test_registry_refresh_is_explicit_and_fail_closed) ... ok
test_rejects_unsupported_claims (test_skill.SkillContractTests.test_rejects_unsupported_claims) ... ok
test_routes_cover_only_current_command_families (test_skill.SkillContractTests.test_routes_cover_only_current_command_families) ... ok
test_source_installer_is_idempotent_and_fails_closed_on_drift (test_skill.SkillContractTests.test_source_installer_is_idempotent_and_fails_closed_on_drift) ... ok
test_source_installer_refuses_symlink_and_non_regular_hazards (test_skill.SkillContractTests.test_source_installer_refuses_symlink_and_non_regular_hazards) ... ok
test_terminal_and_termaid_output_only (test_skill.SkillContractTests.test_terminal_and_termaid_output_only) ... ok
test_validated_project_context_is_delivered_to_agents (test_skill.SkillContractTests.test_validated_project_context_is_delivered_to_agents) ... ok
test_example_fixture_matches_response_bytes (test_skill.ToolEvidenceExampleTests.test_example_fixture_matches_response_bytes) ... ok
test_evals_route_mcp_only (test_skill.ToolStackPayloadTests.test_evals_route_mcp_only) ... ok
test_skill_rule_includes_baseline_and_ready_at (test_skill.ToolStackPayloadTests.test_skill_rule_includes_baseline_and_ready_at) ... ok
test_source_installer_ships_both_catalogs (test_skill.ToolStackPayloadTests.test_source_installer_ships_both_catalogs) ... ok
test_activation_routes_for_mcp_use_cases (test_skill.ToolStackSkillContractTests.test_activation_routes_for_mcp_use_cases) ... ok
test_catalog_mcp_tool_ids_and_use_case_requirements (test_skill.ToolStackSkillContractTests.test_catalog_mcp_tool_ids_and_use_case_requirements) ... ok
test_every_use_loads_adhd_context_and_applicable_stack (test_skill.ToolStackSkillContractTests.test_every_use_loads_adhd_context_and_applicable_stack) ... ok
test_historical_evidence_readers_are_offline_only (test_skill.ToolStackSkillContractTests.test_historical_evidence_readers_are_offline_only) ... ok
test_installation_is_catalog_sourced_and_consent_gated (test_skill.ToolStackSkillContractTests.test_installation_is_catalog_sourced_and_consent_gated) ... ok
test_mcp_workflows_keep_source_safety_disclosures (test_skill.ToolStackSkillContractTests.test_mcp_workflows_keep_source_safety_disclosures) ... ok
test_networking_claim_is_precise (test_skill.ToolStackSkillContractTests.test_networking_claim_is_precise) ... ok
test_new_lab_routes_select_catalog_mcp_tool_ids (test_skill.ToolStackSkillContractTests.test_new_lab_routes_select_catalog_mcp_tool_ids) ... ok
test_readiness_ladder_is_not_collapsed (test_skill.ToolStackSkillContractTests.test_readiness_ladder_is_not_collapsed) ... ok
test_retrieval_is_mcp_only_with_no_live_adapter_guidance (test_skill.ToolStackSkillContractTests.test_retrieval_is_mcp_only_with_no_live_adapter_guidance) ... ok
test_stack_routes_and_use_cases (test_skill.ToolStackSkillContractTests.test_stack_routes_and_use_cases) ... ok
test_tool_evidence_is_proposal_only_with_separate_acceptance (test_skill.ToolStackSkillContractTests.test_tool_evidence_is_proposal_only_with_separate_acceptance) ... ok

----------------------------------------------------------------------
Ran 42 tests in 0.726s

OK
